grammar: c (unmapped → native)
unmapped named kinds (81):
  abstract_array_declarator
  abstract_function_declarator
  abstract_parenthesized_declarator
  abstract_pointer_declarator
  alignas_qualifier
  alignof_expression
  argument_list
  array_declarator
  attribute
  attribute_declaration
  attributed_declarator
  attributed_statement
  bitfield_clause
  case_statement
  cast_expression
  character
  comma_expression
  compound_literal_expression
  declaration_list
  else_clause
  enum_specifier
  enumerator
  enumerator_list
  escape_sequence
  extension_expression
  field_declaration
  field_declaration_list
  field_designator
  field_identifier
  generic_expression
  gnu_asm_clobber_list
  gnu_asm_expression
  gnu_asm_goto_list
  gnu_asm_input_operand
  gnu_asm_input_operand_list
  gnu_asm_output_operand
  gnu_asm_output_operand_list
  gnu_asm_qualifier
  init_declarator
  initializer_list
  initializer_pair
  linkage_specification
  macro_type_specifier
  ms_based_modifier
  ms_call_modifier
  ms_declspec_modifier
  ms_pointer_modifier
  ms_restrict_modifier
  ms_signed_ptr_modifier
  ms_unaligned_ptr_modifier
  ms_unsigned_ptr_modifier
  null
  offsetof_expression
  parameter_list
  parenthesized_declarator
  pointer_declarator
  preproc_elif
  preproc_elifdef
  preproc_else
  primitive_type
  seh_except_clause
  seh_finally_clause
  seh_leave_statement
  seh_try_statement
  sized_type_specifier
  sizeof_expression
  statement_identifier
  storage_class_specifier
  string_content
  struct_specifier
  subscript_designator
  subscript_range_designator
  switch_statement
  system_lib_string
  translation_unit
  type_definition
  type_descriptor
  type_identifier
  type_qualifier
  union_specifier
  variadic_parameter
