grammar: python (unmapped → native)
unmapped named kinds (81):
  aliased_import
  argument_list
  as_pattern
  as_pattern_target
  assert_statement
  await
  chevron
  class_definition
  class_pattern
  complex_pattern
  constrained_type
  decorated_definition
  decorator
  delete_statement
  dict_pattern
  dictionary
  dictionary_comprehension
  dictionary_splat
  dictionary_splat_pattern
  dotted_name
  ellipsis
  else_clause
  escape_interpolation
  escape_sequence
  except_clause
  exec_statement
  finally_clause
  for_in_clause
  format_expression
  format_specifier
  future_import_statement
  generator_expression
  generic_type
  global_statement
  if_clause
  import_from_statement
  import_prefix
  import_statement
  interpolation
  keyword_argument
  keyword_pattern
  keyword_separator
  lambda_parameters
  line_continuation
  list
  list_comprehension
  list_pattern
  list_splat
  list_splat_pattern
  member_type
  module
  named_expression
  nonlocal_statement
  pair
  parameters
  parenthesized_list_splat
  positional_separator
  print_statement
  raise_statement
  relative_import
  set
  set_comprehension
  slice
  splat_pattern
  splat_type
  string_content
  string_end
  string_start
  try_statement
  type
  type_alias_statement
  type_conversion
  type_parameter
  typed_default_parameter
  union_pattern
  union_type
  wildcard_import
  with_clause
  with_item
  with_statement
  yield
