grammar: rust (unmapped → native)
unmapped named kinds (113):
  abstract_type
  arguments
  array_expression
  array_type
  associated_type
  async_block
  attribute
  await_expression
  base_field_initializer
  bounded_type
  bracketed_type
  captured_pattern
  closure_parameters
  const_block
  const_item
  const_parameter
  crate
  declaration_list
  doc_comment
  dynamic_type
  else_clause
  enum_item
  enum_variant
  enum_variant_list
  escape_sequence
  extern_crate_declaration
  extern_modifier
  field_declaration
  field_declaration_list
  field_initializer
  field_initializer_list
  field_pattern
  for_lifetimes
  foreign_mod_item
  fragment_specifier
  function_modifiers
  function_signature_item
  function_type
  gen_block
  generic_function
  generic_pattern
  generic_type
  generic_type_with_turbofish
  higher_ranked_trait_bound
  impl_item
  inner_doc_comment_marker
  label
  let_chain
  let_condition
  lifetime_parameter
  macro_invocation
  macro_rule
  match_block
  metavariable
  mod_item
  never_type
  or_pattern
  ordered_field_declaration_list
  outer_doc_comment_marker
  parameters
  pointer_type
  qualified_type
  range_pattern
  ref_pattern
  reference_type
  remaining_field_pattern
  removed_trait_bound
  scoped_identifier
  scoped_type_identifier
  scoped_use_list
  self
  self_parameter
  shebang
  shorthand_field_initializer
  slice_pattern
  source_file
  static_item
  string_content
  struct_expression
  struct_item
  struct_pattern
  super
  token_binding_pattern
  token_repetition
  token_repetition_pattern
  token_tree
  token_tree_pattern
  trait_bounds
  trait_item
  try_block
  try_expression
  tuple_pattern
  tuple_struct_pattern
  tuple_type
  type_arguments
  type_binding
  type_cast_expression
  type_item
  type_parameter
  type_parameters
  union_item
  unit_expression
  unit_type
  unsafe_block
  use_as_clause
  use_bounds
  use_list
  use_wildcard
  variadic_parameter
  visibility_modifier
  where_clause
  where_predicate
  yield_expression
